// Jest Snapshot v1, https://goo.gl/fbAQLP

exports[`App component tests should handle login and hero 1`] = `ShallowWrapper {}`;

exports[`App component tests should handle login and hero 2`] = `ReactWrapper {}`;
